// Jest Snapshot v1, https://goo.gl/fbAQLP

exports[`FilterModal Matches snapshot 1`] = `
<div>
  <div
    class="modal-backdrop fade"
  />
  <div
    aria-hidden="true"
    class="modal fade top"
    role="dialog"
    style="display: block;"
  >
    <div
      class="modal-dialog modal-md modal-dialog-centered"
      role="document"
    >
      <div
        class="modal-content"
      >
        <div
          class="modal-body sc-bkkeKt eiPMdL"
        >
          <h4>
            Select Filters
          </h4>
          <form
            class=""
          >
            <ul
              class="list-group"
            >
              <li
                class="list-group-item"
              >
                <div
                  class="sc-fotOHu BkLGV"
                  type="text"
                >
                  <label
                    class="sc-ksdxgE flrFew"
                    for="nftAddress"
                    style="margin-bottom: 10px;"
                  >
                    NFT Address
                  </label>
                  <input
                    class="sc-hBUSln jmykjM form-control form-control-lg"
                    id="nftAddress"
                    placeholder="0x16baf0de678e52367adc69fd067e5edd1d33e3bf"
                    theme="[object Object]"
                    type="text"
                    value=""
                  />
                </div>
              </li>
              <li
                class="list-group-item"
              >
                <div
                  class="sc-fotOHu BkLGV"
                  type="text"
                >
                  <label
                    class="sc-ksdxgE flrFew"
                    for="tokenId"
                    style="margin-bottom: 10px;"
                  >
                    Token ID
                  </label>
                  <input
                    class="sc-hBUSln jmykjM form-control form-control-lg"
                    id="tokenId"
                    placeholder="6407"
                    theme="[object Object]"
                    type="text"
                    value=""
                  />
                </div>
              </li>
            </ul>
            <label
              class="sc-ksdxgE flrFew"
              for="session-state"
              style="margin: 25px 0px 5px 5px;"
            >
              Session Status:
            </label>
            <div
              class="sc-ieecCq kdIagl"
              id="session-state"
            >
              <ul
                class="list-group"
              >
                <li
                  class="list-group-item"
                >
                  <div
                    class="sc-fotOHu edmkwy"
                    type="checkbox"
                  >
                    <label
                      class="sc-ksdxgE flrFew"
                      for="vote"
                      style="margin-bottom: 0px;"
                    >
                      Vote
                    </label>
                    <input
                      class="sc-hBUSln ciwDEL form-control form-control-lg"
                      id="vote"
                      theme="[object Object]"
                      type="checkbox"
                    />
                  </div>
                </li>
                <li
                  class="list-group-item"
                >
                  <div
                    class="sc-fotOHu edmkwy"
                    type="checkbox"
                  >
                    <label
                      class="sc-ksdxgE flrFew"
                      for="weigh"
                      style="margin-bottom: 0px;"
                    >
                      Weigh
                    </label>
                    <input
                      class="sc-hBUSln ciwDEL form-control form-control-lg"
                      id="weigh"
                      theme="[object Object]"
                      type="checkbox"
                    />
                  </div>
                </li>
                <li
                  class="list-group-item"
                >
                  <div
                    class="sc-fotOHu edmkwy"
                    type="checkbox"
                  >
                    <label
                      class="sc-ksdxgE flrFew"
                      for="setFinalAppraisal"
                      style="margin-bottom: 0px;"
                    >
                      Set Final
                    </label>
                    <input
                      class="sc-hBUSln ciwDEL form-control form-control-lg"
                      id="setFinalAppraisal"
                      theme="[object Object]"
                      type="checkbox"
                    />
                  </div>
                </li>
              </ul>
              <ul
                class="list-group"
              >
                <li
                  class="list-group-item"
                >
                  <div
                    class="sc-fotOHu edmkwy"
                    type="checkbox"
                  >
                    <label
                      class="sc-ksdxgE flrFew"
                      for="harvest"
                      style="margin-bottom: 0px;"
                    >
                      Harvest
                    </label>
                    <input
                      class="sc-hBUSln ciwDEL form-control form-control-lg"
                      id="harvest"
                      theme="[object Object]"
                      type="checkbox"
                    />
                  </div>
                </li>
                <li
                  class="list-group-item"
                >
                  <div
                    class="sc-fotOHu edmkwy"
                    type="checkbox"
                  >
                    <label
                      class="sc-ksdxgE flrFew"
                      for="claim"
                      style="margin-bottom: 0px;"
                    >
                      Claim
                    </label>
                    <input
                      class="sc-hBUSln ciwDEL form-control form-control-lg"
                      id="claim"
                      theme="[object Object]"
                      type="checkbox"
                    />
                  </div>
                </li>
                <li
                  class="list-group-item"
                >
                  <div
                    class="sc-fotOHu edmkwy"
                    type="checkbox"
                  >
                    <label
                      class="sc-ksdxgE flrFew"
                      for="complete"
                      style="margin-bottom: 0px;"
                    >
                      Complete
                    </label>
                    <input
                      class="sc-hBUSln ciwDEL form-control form-control-lg"
                      id="complete"
                      theme="[object Object]"
                      type="checkbox"
                    />
                  </div>
                </li>
              </ul>
            </div>
            <button
              class="sc-bdvvtL gAgHBR btn btn-primary"
              style="width: 100%; margin-top: 15px;"
              type="submit"
            >
              Apply Filters
            </button>
          </form>
        </div>
      </div>
    </div>
  </div>
</div>
`;
