// Jest Snapshot v1, https://goo.gl/fbAQLP

exports[`Card Matches snapshot 1`] = `
<div>
  <div
    class="sc-iIUQWv jrYRkO"
  >
    <div
      class="sc-dwsnSq fBOqXN"
      src="http://example.com"
    >
      <div
        class="sc-gslxeA brSgje"
      />
      <div
        class="sc-gslxeA brSgje"
      >
        <svg
          class="sc-avest gXAaBE"
          fill="none"
          height="24"
          stroke="currentColor"
          stroke-linecap="round"
          stroke-linejoin="round"
          stroke-width="2"
          viewBox="0 0 24 24"
          width="24"
          xmlns="http://www.w3.org/2000/svg"
        >
          <path
            d="M20 21v-2a4 4 0 0 0-4-4H8a4 4 0 0 0-4 4v2"
          />
          <circle
            cx="12"
            cy="7"
            r="4"
          />
        </svg>
         
        2
      </div>
    </div>
    <div
      class="sc-kmQMED fvKToD"
    >
      <div
        class="sc-cvZCdy bhHhzD"
      >
        <span
          class="sc-gyElHZ sc-djWRfJ iDUUeF cXNHWy"
        >
          Deez Nuts
           #
          5007
        </span>
        <span
          class="sc-gyElHZ sc-djWRfJ sc-fyrocj iDUUeF cXNHWy hJdnrV"
        >
           
          22.00
        </span>
      </div>
      <div
        class="sc-cvZCdy bhHhzD"
      >
        <span
          class="sc-gyElHZ sc-gIBqdA iDUUeF KEqRx"
          style="max-width: min-content; overflow: hidden;"
        >
          Lazy Bird
        </span>
        <span
          class="sc-gyElHZ sc-gIBqdA iDUUeF KEqRx"
          data-testid="subtext"
        >
          Final Appraisal
        </span>
      </div>
    </div>
  </div>
</div>
`;
