// Jest Snapshot v1, https://goo.gl/fbAQLP

exports[`ExploreFilters Matches snapshot 1`] = `
<div>
  <div
    class="sc-htJRVC dxtHNY"
  >
    <h2
      class="sc-hKwDye jQQxBx"
      style="margin-bottom: 8px;"
    >
      Explore
    </h2>
    <div
      class="sc-dkYRCH kyBTFa"
    >
      <button
        class="sc-dlVxhl sc-evcjhq gnHBnE flTZAs"
        type="button"
      >
        <svg
          class="sc-gIDmLj"
          fill="none"
          height="8"
          width="14"
          xmlns="http://www.w3.org/2000/svg"
        >
          <path
            d="M13 1 7 7 1 1"
            stroke="#1C2333"
            stroke-linecap="round"
            stroke-linejoin="round"
            stroke-opacity=".72"
            stroke-width="2"
          />
        </svg>
        <div
          class="sc-furwcr sc-fHeRUh jcgyHA fTcRRu"
        >
          Status
        </div>
      </button>
      <div
        class="sc-dtDOqo bBHSVg"
      >
        <div
          class="sc-jcFjpl erDLeq"
        >
          <input
            class="sc-iUKqMP fOkHLo"
            id="Vote"
            name="Vote"
            type="checkbox"
            value="Vote"
          />
          <label
            class="sc-caiLqq kPnhcR"
            for="Vote"
          >
            Vote
          </label>
        </div>
        <div
          class="sc-jcFjpl erDLeq"
        >
          <input
            class="sc-iUKqMP fOkHLo"
            id="Weigh"
            name="Weigh"
            type="checkbox"
            value="Weigh"
          />
          <label
            class="sc-caiLqq kPnhcR"
            for="Weigh"
          >
            Weigh
          </label>
        </div>
        <div
          class="sc-jcFjpl erDLeq"
        >
          <input
            class="sc-iUKqMP fOkHLo"
            id="Set Final"
            name="Set Final"
            type="checkbox"
            value="Set Final"
          />
          <label
            class="sc-caiLqq kPnhcR"
            for="Set Final"
          >
            Set Final
          </label>
        </div>
        <div
          class="sc-jcFjpl erDLeq"
        >
          <input
            class="sc-iUKqMP fOkHLo"
            id="Harvest"
            name="Harvest"
            type="checkbox"
            value="Harvest"
          />
          <label
            class="sc-caiLqq kPnhcR"
            for="Harvest"
          >
            Harvest
          </label>
        </div>
        <div
          class="sc-jcFjpl erDLeq"
        >
          <input
            class="sc-iUKqMP fOkHLo"
            id="Claim"
            name="Claim"
            type="checkbox"
            value="Claim"
          />
          <label
            class="sc-caiLqq kPnhcR"
            for="Claim"
          >
            Claim
          </label>
        </div>
        <div
          class="sc-jcFjpl erDLeq"
        >
          <input
            class="sc-iUKqMP fOkHLo"
            id="Complete"
            name="Complete"
            type="checkbox"
            value="Complete"
          />
          <label
            class="sc-caiLqq kPnhcR"
            for="Complete"
          >
            Complete
          </label>
        </div>
      </div>
    </div>
    <hr
      class="sc-cbTzjv bCmYyH"
    />
    <div
      class="sc-dkYRCH kyBTFa"
    >
      <button
        class="sc-dlVxhl sc-evcjhq gnHBnE flTZAs"
        type="button"
      >
        <svg
          class="sc-gIDmLj"
          fill="none"
          height="8"
          width="14"
          xmlns="http://www.w3.org/2000/svg"
        >
          <path
            d="M13 1 7 7 1 1"
            stroke="#1C2333"
            stroke-linecap="round"
            stroke-linejoin="round"
            stroke-opacity=".72"
            stroke-width="2"
          />
        </svg>
        <div
          class="sc-furwcr sc-fHeRUh jcgyHA fTcRRu"
        >
          Bounty price
        </div>
      </button>
      <div
        class="sc-dtDOqo bBHSVg"
      >
        <div
          class="sc-jcFjpl erDLeq"
        >
          <input
            class="sc-iUKqMP fOkHLo"
            id="Low to High"
            name="sort_order"
            type="radio"
            value="Low to High"
          />
          <label
            class="sc-caiLqq kPnhcR"
            for="Low to High"
          >
            Low to High
          </label>
        </div>
        <div
          class="sc-jcFjpl erDLeq"
        >
          <input
            class="sc-iUKqMP fOkHLo"
            id="High to Low"
            name="sort_order"
            type="radio"
            value="High to Low"
          />
          <label
            class="sc-caiLqq kPnhcR"
            for="High to Low"
          >
            High to Low
          </label>
        </div>
      </div>
    </div>
    <hr
      class="sc-cbTzjv bCmYyH"
    />
    <div
      class="sc-dkYRCH kyBTFa"
    >
      <button
        class="sc-dlVxhl sc-evcjhq gnHBnE flTZAs"
        type="button"
      >
        <svg
          class="sc-gIDmLj"
          fill="none"
          height="8"
          width="14"
          xmlns="http://www.w3.org/2000/svg"
        >
          <path
            d="M13 1 7 7 1 1"
            stroke="#1C2333"
            stroke-linecap="round"
            stroke-linejoin="round"
            stroke-opacity=".72"
            stroke-width="2"
          />
        </svg>
        <div
          class="sc-furwcr sc-fHeRUh jcgyHA fTcRRu"
        >
          Amount staked
        </div>
      </button>
      <div
        class="sc-dtDOqo bBHSVg"
      >
        <div
          class="sc-jcFjpl erDLeq"
        >
          <input
            class="sc-iUKqMP fOkHLo"
            id="low_range"
            name="low_range"
            type="checkbox"
            value="low_range"
          />
          <label
            class="sc-caiLqq kPnhcR"
            for="low_range"
          >
            Under 0.1Ξ
          </label>
        </div>
        <div
          class="sc-jcFjpl erDLeq"
        >
          <input
            class="sc-iUKqMP fOkHLo"
            id="mid_range"
            name="mid_range"
            type="checkbox"
            value="mid_range"
          />
          <label
            class="sc-caiLqq kPnhcR"
            for="mid_range"
          >
            0.1Ξ to 1Ξ
          </label>
        </div>
        <div
          class="sc-jcFjpl erDLeq"
        >
          <input
            class="sc-iUKqMP fOkHLo"
            id="high_range"
            name="high_range"
            type="checkbox"
            value="high_range"
          />
          <label
            class="sc-caiLqq kPnhcR"
            for="high_range"
          >
            Over 1Ξ
          </label>
        </div>
      </div>
    </div>
  </div>
</div>
`;
