// Jest Snapshot v1, https://goo.gl/fbAQLP

exports[`ConnectWalletAlert Matches snapshot 1`] = `
<div>
  <div
    class="alert alert-light fade"
    role="alert"
    style="background-color: white;"
  >
    <div
      class="sc-bkkeKt juMNdH"
      style="align-items: center;"
    >
      <div
        class="sc-ieecCq fiArPA"
      >
        You cannot participate until you connect your wallet
      </div>
      <button
        class="sc-bdvvtL gAgHBR btn btn-primary"
        data-testid="CONNECT_WALLET_BUTTON_ID"
        type="button"
      >
        Connect Wallet
      </button>
    </div>
  </div>
</div>
`;
